log 1310 个   目标 token 166282   workers 16
  [50/1310] 已产出 5770   6s   预计总计 155s
  [100/1310] 已产出 12273   9s   预计总计 120s
  [150/1310] 已产出 17792   12s   预计总计 104s
  [200/1310] 已产出 21739   14s   预计总计 94s
  [250/1310] 已产出 25600   18s   预计总计 93s
  [300/1310] 已产出 30987   21s   预计总计 90s
  [350/1310] 已产出 35530   24s   预计总计 89s
  [400/1310] 已产出 40555   27s   预计总计 88s
  [450/1310] 已产出 45130   30s   预计总计 87s
  [500/1310] 已产出 49641   33s   预计总计 86s
  [550/1310] 已产出 53579   36s   预计总计 85s
  [600/1310] 已产出 57484   39s   预计总计 84s
  [650/1310] 已产出 64585   44s   预计总计 89s
  [700/1310] 已产出 76237   49s   预计总计 92s
  [750/1310] 已产出 99416   62s   预计总计 108s
  [800/1310] 已产出 112737   67s   预计总计 110s
  [850/1310] 已产出 119560   70s   预计总计 108s
  [900/1310] 已产出 125028   73s   预计总计 106s
  [950/1310] 已产出 132574   75s   预计总计 104s
  [1000/1310] 已产出 137393   79s   预计总计 103s
  [1050/1310] 已产出 141402   81s   预计总计 101s
  [1100/1310] 已产出 144897   85s   预计总计 101s
  [1150/1310] 已产出 147742   88s   预计总计 100s
  [1200/1310] 已产出 153325   91s   预计总计 99s
  [1250/1310] 已产出 157593   94s   预计总计 98s
  [1300/1310] 已产出 163017   97s   预计总计 98s
  [1310/1310] 已产出 164224   98s   预计总计 98s

写出 /data/autovla_data/nuplan/cot_trainval_166k.json: 164224 条   用时 99s
  扫过帧 723019   命中目标 token 166282   成功 164224
  弃权:窗口不足/跨 scene 2058   未来不足 0
  ⚠️ 目标 token 未产出 2058 个 (1.2%) —— 多为窗口不足（log 首尾 / 跨 scene）
